[   11279ms] [WARNING] Image with src "https://cdn.repliers.io/nwmls/IMG-NWM2560360_0.jpg?webp&class=medium&t=1785180311" was detected as the Largest Contentful Paint (LCP). Please add the `loading="eager"` property if this image is above the fold.
Read more: https://nextjs.org/docs/app/api-reference/components/image#loading @ webpack-internal:///(app-pages-browser)/../../node_modules/.pnpm/next@16.2.10_@babel+core@7._48811e8f209a70f8a69bffddde7504c7/node_modules/next/dist/next-devtools/shared/forward-logs-shared.js:27
[   17048ms] [WARNING] The resource http://localhost:3000/_next/static/css/app/not-found.css?v=1785265816522&dpl=local-1785247329558 was preloaded using link preload but not used within a few seconds from the window's load event. Please make sure it has an appropriate `as` value and it is preloaded intentionally. @ http://localhost:3000/search/map?47.606200,-122.332100&z=12&point=[47.6062,-122.3321,3]:0
[  111234ms] [WARNING] The resource http://localhost:3000/_next/static/css/app/not-found.css?v=1785265816522&dpl=local-1785247329558 was preloaded using link preload but not used within a few seconds from the window's load event. Please make sure it has an appropriate `as` value and it is preloaded intentionally. @ http://localhost:3000/search/map?47.606200,-122.332100&z=12&point=[47.6062,-122.3321,3]:0
[  121125ms] [WARNING] ./src/components/shared/Map/hooks/useOverlayLayers/layers.ts
Attempted import error: 'addPolygonToMap' is not exported from 'utils/map/polygons' (imported as 'addPolygonToMap').

Import trace for requested module:
./src/components/shared/Map/hooks/useOverlayLayers/layers.ts
./src/components/shared/Map/hooks/useOverlayLayers/useOverlayLayers.ts
./src/components/shared/Map/hooks/useOverlayLayers/index.ts
./src/components/shared/Map/hooks/index.ts
./src/components/shared/Map/index.ts
./src/components/shared/CmsWidgets/widgets/MapGridWidget/MapGridWidget.tsx @ webpack-internal:///(app-pages-browser)/../../node_modules/.pnpm/next@16.2.10_@babel+core@7._48811e8f209a70f8a69bffddde7504c7/node_modules/next/dist/next-devtools/shared/forward-logs-shared.js:27
[  121130ms] [WARNING] ./src/components/shared/Map/hooks/usePointRadius.ts
Attempted import error: 'addPolygonToMap' is not exported from 'utils/map/polygons' (imported as 'addPolygonToMap').

Import trace for requested module:
./src/components/shared/Map/hooks/usePointRadius.ts
./src/components/shared/Map/hooks/index.ts
./src/components/shared/Map/index.ts
./src/components/shared/CmsWidgets/widgets/MapGridWidget/MapGridWidget.tsx @ webpack-internal:///(app-pages-browser)/../../node_modules/.pnpm/next@16.2.10_@babel+core@7._48811e8f209a70f8a69bffddde7504c7/node_modules/next/dist/next-devtools/shared/forward-logs-shared.js:27
[  121130ms] [WARNING] ./src/components/shared/Map/hooks/useSelectionPolygons.ts
Attempted import error: 'addPolygonToMap' is not exported from 'utils/map/polygons' (imported as 'addPolygonToMap').

Import trace for requested module:
./src/components/shared/Map/hooks/useSelectionPolygons.ts
./src/components/shared/Map/hooks/index.ts
./src/components/shared/Map/index.ts
./src/components/shared/CmsWidgets/widgets/MapGridWidget/MapGridWidget.tsx @ webpack-internal:///(app-pages-browser)/../../node_modules/.pnpm/next@16.2.10_@babel+core@7._48811e8f209a70f8a69bffddde7504c7/node_modules/next/dist/next-devtools/shared/forward-logs-shared.js:27
[  124436ms] [WARNING] The resource http://localhost:3000/_next/static/css/app/not-found.css?v=1785265816522&dpl=local-1785247329558 was preloaded using link preload but not used within a few seconds from the window's load event. Please make sure it has an appropriate `as` value and it is preloaded intentionally. @ http://localhost:3000/search/map?47.606200,-122.332100&z=12&point=[47.6062,-122.3321,3]:0
[  129318ms] [WARNING] The resource http://localhost:3000/_next/static/css/app/not-found.css?v=1785265816522&dpl=local-1785247329558 was preloaded using link preload but not used within a few seconds from the window's load event. Please make sure it has an appropriate `as` value and it is preloaded intentionally. @ http://localhost:3000/search/map?47.606200,-122.332100&z=12&point=[47.6062,-122.3321,3]:0
[  132882ms] [WARNING] The resource http://localhost:3000/_next/static/css/app/not-found.css?v=1785265816522&dpl=local-1785247329558 was preloaded using link preload but not used within a few seconds from the window's load event. Please make sure it has an appropriate `as` value and it is preloaded intentionally. @ http://localhost:3000/search/map?47.606200,-122.332100&z=12&point=[47.6062,-122.3321,3]:0
[  162998ms] Invalid or unexpected token
[  175035ms] Unexpected end of input
[  177996ms] [WARNING] The resource http://localhost:3000/_next/static/css/app/not-found.css?v=1785265959567&dpl=local-1785247329558 was preloaded using link preload but not used within a few seconds from the window's load event. Please make sure it has an appropriate `as` value and it is preloaded intentionally. @ http://localhost:3000/search/map?47.606200,-122.332100&z=12&point=[47.6062,-122.3321,3]:0
[  287645ms] ChunkLoadError: Loading chunk app/search/[layout]/page failed.
(timeout: http://localhost:3000/_next/static/chunks/app/search/%5Blayout%5D/page.js)
    at __webpack_require__.f.j (http://localhost:3000/_next/static/chunks/webpack.js?v=1785265959567&dpl=local-1785247329558:881:29)
    at http://localhost:3000/_next/static/chunks/webpack.js?v=1785265959567&dpl=local-1785247329558:145:40
    at Array.reduce (<anonymous>)
    at __webpack_require__.e (http://localhost:3000/_next/static/chunks/webpack.js?v=1785265959567&dpl=local-1785247329558:144:67)
    at fn.e (http://localhost:3000/_next/static/chunks/webpack.js?v=1785265959567&dpl=local-1785247329558:381:50)
    at loadChunk (webpack-internal:///(app-pages-browser)/../../node_modules/.pnpm/next@16.2.10_@babel+core@7._48811e8f209a70f8a69bffddde7504c7/node_modules/next/dist/compiled/react-server-dom-webpack/cjs/react-server-dom-webpack-client.browser.development.js:125:34)
    at preloadModule (webpack-internal:///(app-pages-browser)/../../node_modules/.pnpm/next@16.2.10_@babel+core@7._48811e8f209a70f8a69bffddde7504c7/node_modules/next/dist/compiled/react-server-dom-webpack/cjs/react-server-dom-webpack-client.browser.development.js:94:31)
    at resolveModule (webpack-internal:///(app-pages-browser)/../../node_modules/.pnpm/next@16.2.10_@babel+core@7._48811e8f209a70f8a69bffddde7504c7/node_modules/next/dist/compiled/react-server-dom-webpack/cjs/react-server-dom-webpack-client.browser.development.js:2951:20)
    at processFullStringRow (webpack-internal:///(app-pages-browser)/../../node_modules/.pnpm/next@16.2.10_@babel+core@7._48811e8f209a70f8a69bffddde7504c7/node_modules/next/dist/compiled/react-server-dom-webpack/cjs/react-server-dom-webpack-client.browser.development.js:4384:11)
    at processFullBinaryRow (webpack-internal:///(app-pages-browser)/../../node_modules/.pnpm/next@16.2.10_@babel+core@7._48811e8f209a70f8a69bffddde7504c7/node_modules/next/dist/compiled/react-server-dom-webpack/cjs/react-server-dom-webpack-client.browser.development.js:4379:7)
    at processBinaryChunk (webpack-internal:///(app-pages-browser)/../../node_modules/.pnpm/next@16.2.10_@babel+core@7._48811e8f209a70f8a69bffddde7504c7/node_modules/next/dist/compiled/react-server-dom-webpack/cjs/react-server-dom-webpack-client.browser.development.js:4602:19)
    at progress (webpack-internal:///(app-pages-browser)/../../node_modules/.pnpm/next@16.2.10_@babel+core@7._48811e8f209a70f8a69bffddde7504c7/node_modules/next/dist/compiled/react-server-dom-webpack/cjs/react-server-dom-webpack-client.browser.development.js:4933:9)
[  290805ms] [WARNING] The resource http://localhost:3000/_next/static/css/app/not-found.css?v=1785265959567&dpl=local-1785247329558 was preloaded using link preload but not used within a few seconds from the window's load event. Please make sure it has an appropriate `as` value and it is preloaded intentionally. @ http://localhost:3000/search/map?47.606200,-122.332100&z=12&point=[47.6062,-122.3321,3]:0
